
Microchip PIC32 Memory-Usage Report

kseg0 Program-Memory Usage
section                    address  length [bytes]      (dec)  Description
-------                 ----------  -------------------------  -----------
.text                   0x9fc00208          0x884        2180  App's exec code 
.dinit                  0x9fc00a8c           0x48          72   
.text                   0x9fc00ad4           0x10          16  App's exec code 
.rodata                 0x9fc00ae4            0xc          12  Read-only const 
      Total kseg0_program_mem used  :       0x8e8        2280  89.6% of 0x9f0

kseg0 Boot-Memory Usage
section                    address  length [bytes]      (dec)  Description
-------                 ----------  -------------------------  -----------
         Total kseg0_boot_mem used  :           0           0  

Exception-Memory Usage 
section                    address  length [bytes]      (dec)  Description
-------                 ----------  -------------------------  -----------
          Total exception_mem used  :           0           0  

kseg1 Boot-Memory Usage
section                    address  length [bytes]      (dec)  Description
-------                 ----------  -------------------------  -----------
.reset                  0xbfc00000          0x10c         268  Reset handler 
         Total kseg1_boot_mem used  :       0x10c         268  52.3% of 0x200
        --------------------------------------------------------------------------
         Total Program Memory used  :       0x9f4        2548  83.4% of 0xbf0
        --------------------------------------------------------------------------


kseg1 Data-Memory Usage
section                    address  length [bytes]      (dec)  Description
-------                 ----------  -------------------------  -----------
.dbg_data               0xa0000000          0x200         512   
.skip_ram_space         0xa0000200          0x400        1024   
.sdata                  0xa0000600           0x20          32  Small init data 
.sbss                   0xa0000620           0x40          64  Small uninit data 
.bss                    0xa0000660          0x97c        2428  Uninitialized data 
         Total kseg1_data_mem used  :       0xfdc        4060  49.6% of 0x2000
        --------------------------------------------------------------------------
            Total Data Memory used  :       0xfdc        4060  49.6% of 0x2000
        --------------------------------------------------------------------------


Dynamic Data-Memory Reservation
section                    address  length [bytes]      (dec)  Description
-------                 ----------  -------------------------  -----------
heap                    0xa0000fe0              0           0  Reserved for heap 
stack                   0xa0000ff8          0xff8        4088  Reserved for stack 

        --------------------------------------------------------------------------

Discarded input sections

 .reginfo       0x00000000       0x18 main.o
 .pdr           0x00000000      0x160 main.o
 .reginfo       0x00000000       0x18 crt0.o
 .pdr           0x00000000       0x60 crt0.o
 .reginfo       0x00000000       0x18 c:/program files (x86)/microchip/mplabc32/v2.02/bin/../lib/gcc/pic32mx/4.5.1/../../../../pic32mx/lib/./proc/32MX250F128B\processor.o
 .pdr           0x00000000        0x0 c:/program files (x86)/microchip/mplabc32/v2.02/bin/../lib/gcc/pic32mx/4.5.1/../../../../pic32mx/lib/./proc/32MX250F128B\processor.o

Memory Configuration

Name             Origin             Length             Attributes
kseg1_boot_mem   0xbfc00000         0x00000200
kseg0_program_mem 0x9fc00200         0x000009f0         xr
kseg0_boot_mem   0x9fc00200         0x00000000
exception_mem    0x9fc00480         0x00000000
debug_exec_mem   0x9fc00490         0x00000000
config3          0xbfc00bf0         0x00000004
config2          0xbfc00bf4         0x00000004
config1          0xbfc00bf8         0x00000004
config0          0xbfc00bfc         0x00000004
kseg1_data_mem   0xa0000000         0x00002000         w !x
sfrs             0xbf800000         0x00100000
configsfrs       0xbfc00bf0         0x00000010
*default*        0x00000000         0xffffffff

Linker script and memory map

LOAD main.o
LOAD crt0.o
                0x00000400                PROVIDE (_min_stack_size, 0x400)
                0x00000000                PROVIDE (_min_heap_size, 0x0)
LOAD c:/program files (x86)/microchip/mplabc32/v2.02/bin/../lib/gcc/pic32mx/4.5.1/../../../../pic32mx/lib/./proc/32MX250F128B\processor.o
                0x00000001                PROVIDE (_vector_spacing, 0x1)
                0x9fc00000                _ebase_address = 0x9fc00000
                0xbfc00000                _ebase_address = 0xbfc00000
                0xbfc00000                _RESET_ADDR = _ebase_address
                0x9fc00480                //_DBG_EXCPT_ADDR = 0x9fc00480
                0x9fc00490                //_DBG_CODE_ADDR = 0x9fc00490
                0x00000600                _RAM_SKIP_SIZE = 0x600

.config_BFC00BF0
                0xbfc00bf0        0x4
 *(.config_BFC00BF0)
 .config_BFC00BF0
                0xbfc00bf0        0x4 main.o

.config_BFC00BF4
                0xbfc00bf4        0x4
 *(.config_BFC00BF4)
 .config_BFC00BF4
                0xbfc00bf4        0x4 main.o

.config_BFC00BF8
                0xbfc00bf8        0x4
 *(.config_BFC00BF8)
 .config_BFC00BF8
                0xbfc00bf8        0x4 main.o

.config_BFC00BFC
                0xbfc00bfc        0x4
 *(.config_BFC00BFC)
 .config_BFC00BFC
                0xbfc00bfc        0x4 main.o

.reset          0xbfc00000      0x10c
 *(.reset)
 .reset         0xbfc00000       0x10 crt0.o
                0xbfc00000                _reset
 *(.reset.startup)
 .reset.startup
                0xbfc00010       0xfc crt0.o

.text
 *(.stub .gnu.linkonce.t.*)
 *(.text.*personality*)
 *(.mips16.fn.*)
 *(.mips16.call.*)
 *(.gnu.warning)

.rodata         0x9fc00200        0x0
 *(.rodata.* .gnu.linkonce.r.*)
 *(.rodata1)
                0x9fc00200                . = ALIGN (0x4)

.sdata2         0xbfc0010c        0x0
 *(.sdata2 .sdata2.* .gnu.linkonce.s2.*)
                0xbfc0010c                . = ALIGN (0x4)

.sbss2          0xbfc0010c        0x0
 *(.sbss2 .sbss2.* .gnu.linkonce.sb2.*)
                0xbfc0010c                . = ALIGN (0x4)

.eh_frame_hdr
 *(.eh_frame_hdr)

.eh_frame
 *(.eh_frame)

.dbg_data       0xa0000000      0x200
                0xa0000000                _skip_ram_space_addr = .
                0xa0000200                . = (. + 0x200)
 *fill*         0xa0000000      0x200 00

.skip_ram_space
                0xa0000200      0x400
                0xa0000600                . = (. + (_RAM_SKIP_SIZE - SIZEOF (.dbg_data)))
 *fill*         0xa0000200      0x400 00
                0xa0000600                _skip_ram_space_end_adder = .

.eh_frame
 *(.eh_frame)
                0xa0000600                . = .
                0xa00085f0                _gp = (ALIGN (0x10) + 0x7ff0)

.got
 *(.got.plt)
 *(.got)

.sdata          0xa0000600       0x20
                0xa0000600                _sdata_begin = .
 *(.sdata .sdata.* .gnu.linkonce.s.*)
 .sdata         0xa0000600       0x20 main.o
                0xa0000620                _sdata_end = .

.lit8
 *(.lit8)

.lit4
 *(.lit4)
                0xa0000620                . = ALIGN (0x4)
                0xa0000620                _data_end = .
                0xa0000620                _bss_begin = .

.sbss           0xa0000620       0x40
                0xa0000620                _sbss_begin = .
 *(.dynsbss)
 *(.sbss .sbss.* .gnu.linkonce.sb.*)
 .sbss          0xa0000620       0x40 main.o
 *(.scommon)
                0xa0000660                _sbss_end = .

.bss            0xa0000660        0x0
 *(.dynbss)
 *(COMMON)
                0xa0000660                . = ALIGN (0x4)
                0xa0000660                . = ALIGN (0x4)
                0xa0000660                _end = .
                0xa0000660                _bss_end = .
                0x00002000                _bmxdudba_address = 0x2000
                0x00002000                _bmxdupba_address = 0x2000

/DISCARD/
 *(.pdr)
 *(.reginfo)
 *(.rel.dyn)
 *(.note.GNU-stack)
 *(.note.GNU-stack)
 *(.gnu_debuglink)
 *(.gnu.lto_*)
 *(.discard)

.stab
 *(.stab)

.stabstr
 *(.stabstr)

.stab.excl
 *(.stab.excl)

.stab.exclstr
 *(.stab.exclstr)

.stab.index
 *(.stab.index)

.stab.indexstr
 *(.stab.indexstr)

.comment        0x00000000       0x51
 *(.comment)
 .comment       0x00000000       0x51 main.o
                                 0x52 (size before relaxing)

.debug
 *(.debug)

.line
 *(.line)

.debug_srcinfo
 *(.debug_srcinfo)

.debug_sfnames
 *(.debug_sfnames)

.debug_aranges  0x00000000       0x20
 *(.debug_aranges)
 .debug_aranges
                0x00000000       0x20 main.o

.debug_pubnames
                0x00000000       0x33
 *(.debug_pubnames)
 .debug_pubnames
                0x00000000       0x33 main.o

.debug_info     0x00000000     0x18e8
 *(.debug_info .gnu.linkonce.wi.*)
 .debug_info    0x00000000     0x18e8 main.o

.debug_abbrev   0x00000000      0x372
 *(.debug_abbrev)
 .debug_abbrev  0x00000000      0x372 main.o

.debug_line     0x00000000      0x325
 *(.debug_line)
 .debug_line    0x00000000      0x325 main.o

.debug_frame    0x00000000      0x10c
 *(.debug_frame)
 .debug_frame   0x00000000      0x10c main.o

.debug_str      0x00000000       0xb7
 *(.debug_str)
 .debug_str     0x00000000       0xb7 main.o

.debug_loc      0x00000000      0x5c7
 *(.debug_loc)
 .debug_loc     0x00000000      0x5c7 main.o

.debug_macinfo
 *(.debug_macinfo)

.debug_weaknames
 *(.debug_weaknames)

.debug_funcnames
 *(.debug_funcnames)

.debug_typenames
 *(.debug_typenames)

.debug_varnames
 *(.debug_varnames)

.debug_pubtypes
                0x00000000       0xea
 *(.debug_pubtypes)
 .debug_pubtypes
                0x00000000       0xea main.o

.debug_ranges   0x00000000       0xb0
 *(.debug_ranges)
 .debug_ranges  0x00000000       0xb0 main.o

.gnu.attributes
 *(.gnu.attributes)
                0x00000001                __MPLAB_BUILD = 0x1
OUTPUT(MX2-CKPI-USART.elf elf32-tradlittlemips)
LOAD stack
LOAD data_init

.stack          0xa0000ff8      0x400
 .stack         0xa0000ff8      0x400 stack

.bss            0xa0000660      0x97c
 .bss           0xa0000660      0x97c main.o

.bss%z1         0x00000000        0x0
 .bss           0x00000000        0x0 c:/program files (x86)/microchip/mplabc32/v2.02/bin/../lib/gcc/pic32mx/4.5.1/../../../../pic32mx/lib/./proc/32MX250F128B\processor.o

.data%z2        0x00000000        0x0
 .data          0x00000000        0x0 c:/program files (x86)/microchip/mplabc32/v2.02/bin/../lib/gcc/pic32mx/4.5.1/../../../../pic32mx/lib/./proc/32MX250F128B\processor.o

.bss%z3         0x00000000        0x0
 .bss           0x00000000        0x0 crt0.o

.data%z4        0x00000000        0x0
 .data          0x00000000        0x0 crt0.o

.mdebug.abi32%z5
                0x00000000        0x0
 .mdebug.abi32  0x00000000        0x0 main.o

.data%z6        0x00000000        0x0
 .data          0x00000000        0x0 main.o

.text           0x9fc00208      0x884
 .text          0x9fc00208      0x884 main.o
                0x9fc00825                avrbl_state_machine
                0x9fc008cd                main

.dinit          0x9fc00a8c       0x48
 .dinit         0x9fc00a8c       0x48 data_init

.text           0x9fc00ad4       0x10
 .text          0x9fc00ad4       0x10 crt0.o
                0x9fc00adc                __crt0_exit

.rodata         0x9fc00ae4        0xc
 .rodata        0x9fc00ae4        0xc main.o

.text%z7        0x00000000        0x0
 .text          0x00000000        0x0 c:/program files (x86)/microchip/mplabc32/v2.02/bin/../lib/gcc/pic32mx/4.5.1/../../../../pic32mx/lib/./proc/32MX250F128B\processor.o
