
Allocating common symbols
Common symbol       size              file

cdcacm_attached_count
                    0x4               build/MX7cK_USB_SPLIT_FLASH/production/_ext/1472/usb.o
bulk_out_ep         0x1               build/MX7cK_USB_SPLIT_FLASH/production/_ext/1472/usb.o
int_ep              0x1               build/MX7cK_USB_SPLIT_FLASH/production/_ext/1472/usb.o
cdcacm_active       0x1               build/MX7cK_USB_SPLIT_FLASH/production/_ext/1472/cdcacm.o
bulk_in_ep          0x1               build/MX7cK_USB_SPLIT_FLASH/production/_ext/1472/usb.o
cdcacm_attached     0x1               build/MX7cK_USB_SPLIT_FLASH/production/_ext/1472/usb.o
cdc_attached        0x1               build/MX7cK_USB_SPLIT_FLASH/production/_ext/1472/usb.o
endpoints           0x180             build/MX7cK_USB_SPLIT_FLASH/production/_ext/1472/usb.o
scsi_attached_count
                    0x4               build/MX7cK_USB_SPLIT_FLASH/production/_ext/1472/usb.o
other_attached      0x1               build/MX7cK_USB_SPLIT_FLASH/production/_ext/1472/usb.o
scsi_attached       0x1               build/MX7cK_USB_SPLIT_FLASH/production/_ext/1472/usb.o

Microchip PIC32 Memory-Usage Report

kseg0 Program-Memory Usage
section                    address  length [bytes]      (dec)  Description
-------                 ----------  -------------------------  -----------
.text                   0x9fc00498          0x84c        2124  App's exec code 
.dinit                  0x9fc00ce4           0x98         152   
.rodata                 0x9fc00d7c           0x90         144  Read-only const 
.text                   0x9fc00e0c           0x10          16  App's exec code 
.rodata                 0x9fc00e1c            0xc          12  Read-only const 
      Total kseg0_program_mem used  :       0x990        2448  34.9% of 0x1b60

kseg0 Boot-Memory Usage
section                    address  length [bytes]      (dec)  Description
-------                 ----------  -------------------------  -----------
         Total kseg0_boot_mem used  :           0           0  

Exception-Memory Usage 
section                    address  length [bytes]      (dec)  Description
-------                 ----------  -------------------------  -----------
          Total exception_mem used  :           0           0  <1% of 0x10

kseg1 Boot-Memory Usage
section                    address  length [bytes]      (dec)  Description
-------                 ----------  -------------------------  -----------
.reset                  0x9fc00000          0x10c         268  Reset handler 
         Total kseg1_boot_mem used  :       0x10c         268  29.9% of 0x380
        --------------------------------------------------------------------------
         Total Program Memory used  :       0xa9c        2716  34.3% of 0x1ef0
        --------------------------------------------------------------------------


kseg1 Data-Memory Usage
section                    address  length [bytes]      (dec)  Description
-------                 ----------  -------------------------  -----------
.dbg_data               0xa0000000          0x200         512   
.skip_ram_space         0xa0000200          0x400        1024   
.sdata                  0xa0000600           0x28          40  Small init data 
.sbss                   0xa0000628           0x96         150  Small uninit data 
.bss                    0xa00006c0          0x180         384  Uninitialized data 
.bss                    0xa0000840          0xdf0        3568  Uninitialized data 
.bss                    0xa0001800          0x200         512  Uninitialized data 
         Total kseg1_data_mem used  :      0x182e        6190  75.6% of 0x2000
        --------------------------------------------------------------------------
            Total Data Memory used  :      0x182e        6190  75.6% of 0x2000
        --------------------------------------------------------------------------


Dynamic Data-Memory Reservation
section                    address  length [bytes]      (dec)  Description
-------                 ----------  -------------------------  -----------
heap                    0xa0001a08              0           0  Reserved for heap 
stack                   0xa0001a20          0x5d8        1496  Reserved for stack 

        --------------------------------------------------------------------------

Discarded input sections

 .reginfo       0x00000000       0x18 build/MX7cK_USB_SPLIT_FLASH/production/_ext/1472/main.o
 .pdr           0x00000000      0x160 build/MX7cK_USB_SPLIT_FLASH/production/_ext/1472/main.o
 .reginfo       0x00000000       0x18 build/MX7cK_USB_SPLIT_FLASH/production/_ext/1472/crt0.o
 .pdr           0x00000000       0x60 build/MX7cK_USB_SPLIT_FLASH/production/_ext/1472/crt0.o
 .reginfo       0x00000000       0x18 build/MX7cK_USB_SPLIT_FLASH/production/_ext/1472/cdcacm.o
 .pdr           0x00000000       0xe0 build/MX7cK_USB_SPLIT_FLASH/production/_ext/1472/cdcacm.o
 .reginfo       0x00000000       0x18 build/MX7cK_USB_SPLIT_FLASH/production/_ext/1472/usb.o
 .pdr           0x00000000      0x160 build/MX7cK_USB_SPLIT_FLASH/production/_ext/1472/usb.o
 .reginfo       0x00000000       0x18 c:/program files/microchip/xc32/v1.20/bin/../lib/gcc/pic32mx/4.5.2/../../../../pic32mx/lib/./proc/32MX795F512L\processor.o
 .pdr           0x00000000        0x0 c:/program files/microchip/xc32/v1.20/bin/../lib/gcc/pic32mx/4.5.2/../../../../pic32mx/lib/./proc/32MX795F512L\processor.o

Memory Configuration

Name             Origin             Length             Attributes
kseg1_boot_mem   0x9fc00000         0x00000380
debug_vectors    0xbfc00380         0x00000110
kseg0_boot_mem   0x9fc00490         0x00000000
kseg0_program_mem 0x9fc00490         0x00001b60         xr
split_program_mem 0x9d07f000         0x00001000         xr
exception_mem    0xbfc01ff0         0x00000010
debug_exec_mem   0xbfc02000         0x00000ff0
config3          0xbfc02ff0         0x00000004
config2          0xbfc02ff4         0x00000004
config1          0xbfc02ff8         0x00000004
config0          0xbfc02ffc         0x00000004
kseg1_data_mem   0xa0000000         0x00002000         w !x
sfrs             0xbf800000         0x00100000
configsfrs       0xbfc02ff0         0x00000010
*default*        0x00000000         0xffffffff

Linker script and memory map

LOAD build/MX7cK_USB_SPLIT_FLASH/production/_ext/1472/main.o
LOAD build/MX7cK_USB_SPLIT_FLASH/production/_ext/1472/crt0.o
LOAD build/MX7cK_USB_SPLIT_FLASH/production/_ext/1472/cdcacm.o
LOAD build/MX7cK_USB_SPLIT_FLASH/production/_ext/1472/usb.o
                0x00000001                __MPLAB_BUILD = 0x1
                0x00000400                PROVIDE (_min_stack_size, 0x400)
                0x00000000                PROVIDE (_min_heap_size, 0x0)
LOAD c:/program files/microchip/xc32/v1.20/bin/../lib/gcc/pic32mx/4.5.2/../../../../pic32mx/lib/./proc/32MX795F512L\processor.o
                0x00000001                PROVIDE (_vector_spacing, 0x1)
                0x9fc00000                _ebase_address = 0x9fc00000
                0x9fc00000                _RESET_ADDR = _ebase_address
                0xbfc01ff0                _DBG_EXCPT_ADDR = 0xbfc01ff0
                0xbfc02000                _DBG_CODE_ADDR = 0xbfc02000
                0x00000600                _RAM_SKIP_SIZE = 0x600

.config_BFC02FF0
                0xbfc02ff0        0x4
 *(.config_BFC02FF0)
 .config_BFC02FF0
                0xbfc02ff0        0x4 build/MX7cK_USB_SPLIT_FLASH/production/_ext/1472/main.o

.config_BFC02FF4
                0xbfc02ff4        0x4
 *(.config_BFC02FF4)
 .config_BFC02FF4
                0xbfc02ff4        0x4 build/MX7cK_USB_SPLIT_FLASH/production/_ext/1472/main.o

.config_BFC02FF8
                0xbfc02ff8        0x4
 *(.config_BFC02FF8)
 .config_BFC02FF8
                0xbfc02ff8        0x4 build/MX7cK_USB_SPLIT_FLASH/production/_ext/1472/main.o

.config_BFC02FFC
                0xbfc02ffc        0x4
 *(.config_BFC02FFC)
 .config_BFC02FFC
                0xbfc02ffc        0x4 build/MX7cK_USB_SPLIT_FLASH/production/_ext/1472/main.o

.reset          0x9fc00000      0x10c
 *(.reset)
 .reset         0x9fc00000       0x10 build/MX7cK_USB_SPLIT_FLASH/production/_ext/1472/crt0.o
                0x9fc00000                _reset
 *(.reset.startup)
 .reset.startup
                0x9fc00010       0xfc build/MX7cK_USB_SPLIT_FLASH/production/_ext/1472/crt0.o

.splittext      0x9d07f000      0x990
 *\cdcacm.o(.text)
 .text          0x9d07f000      0x2bc build/MX7cK_USB_SPLIT_FLASH/production/_ext/1472/cdcacm.o
                0x9d07f13d                cdcacm_print
                0x9d07f235                cdcacm_command_ack
                0x9d07f25d                cdcacm_register
                0x9d07f2b9                null_reset_cbfn
 *\usb.o(.text)
 .text          0x9d07f2bc      0x6d4 build/MX7cK_USB_SPLIT_FLASH/production/_ext/1472/usb.o
                0x9d07f3d9                usb_device_enqueue
                0x9d07f485                usb_isr
                0x9d07f821                usb_register
                0x9d07f831                usb_device_descriptor
                0x9d07f83d                usb_configuration_descriptor
                0x9d07f849                usb_string_descriptor
                0x9d07f855                usb_uninitialize
                0x9d07f92d                usb_initialize

.text
 *(.stub .gnu.linkonce.t.*)
 *(EXCLUDE_FILE(usb.o cdcacm.o) .text.*personality*)
 *(.mips16.fn.*)
 *(.mips16.call.*)
 *(.gnu.warning)

.rodata         0x9fc00490        0x0
 *(.rodata.* .gnu.linkonce.r.*)
 *(.rodata1)
                0x9fc00490                . = ALIGN (0x4)

.sdata2         0x9fc00490        0x0
 *(.sdata2 .sdata2.* .gnu.linkonce.s2.*)
                0x9fc00490                . = ALIGN (0x4)

.sbss2          0x9fc00490        0x0
 *(.sbss2 .sbss2.* .gnu.linkonce.sb2.*)
                0x9fc00490                . = ALIGN (0x4)

.eh_frame_hdr
 *(.eh_frame_hdr)

.eh_frame
 *(.eh_frame)

.dbg_data       0xa0000000      0x200
                0xa0000000                _skip_ram_space_addr = .
                0xa0000200                . = (. + 0x200)
 *fill*         0xa0000000      0x200 00

.skip_ram_space
                0xa0000200      0x400
                0xa0000600                . = (. + (_RAM_SKIP_SIZE - SIZEOF (.dbg_data)))
 *fill*         0xa0000200      0x400 00
                0xa0000600                _skip_ram_space_end_adder = .

.eh_frame
 *(.eh_frame)
                0xa0000600                . = .
                0xa00085f0                _gp = (ALIGN (0x10) + 0x7ff0)

.got
 *(.got.plt)
 *(.got)

.sdata          0xa0000600       0x28
                0xa0000600                _sdata_begin = .
 *(.sdata .sdata.* .gnu.linkonce.s.*)
 .sdata         0xa0000600       0x20 build/MX7cK_USB_SPLIT_FLASH/production/_ext/1472/main.o
 .sdata         0xa0000620        0x8 build/MX7cK_USB_SPLIT_FLASH/production/_ext/1472/cdcacm.o
                0xa0000628                _sdata_end = .

.lit8
 *(.lit8)

.lit4
 *(.lit4)
                0xa0000628                . = ALIGN (0x4)
                0xa0000628                _data_end = .
                0xa0000628                _bss_begin = .

.sbss           0xa0000628       0x96
                0xa0000628                _sbss_begin = .
 *(.dynsbss)
 *(.sbss .sbss.* .gnu.linkonce.sb.*)
 .sbss          0xa0000628       0x40 build/MX7cK_USB_SPLIT_FLASH/production/_ext/1472/main.o
 .sbss          0xa0000668        0x8 build/MX7cK_USB_SPLIT_FLASH/production/_ext/1472/cdcacm.o
 .sbss          0xa0000670       0x38 build/MX7cK_USB_SPLIT_FLASH/production/_ext/1472/usb.o
 *(.scommon)
 .scommon       0xa00006a8        0x1 build/MX7cK_USB_SPLIT_FLASH/production/_ext/1472/cdcacm.o
                0xa00006a8                cdcacm_active
 *fill*         0xa00006a9        0x3 00
 .scommon       0xa00006ac       0x12 build/MX7cK_USB_SPLIT_FLASH/production/_ext/1472/usb.o
                0xa00006ac                cdcacm_attached_count
                0xa00006b0                bulk_out_ep
                0xa00006b1                int_ep
                0xa00006b2                bulk_in_ep
                0xa00006b3                cdcacm_attached
                0xa00006b4                cdc_attached
                0xa00006b8                scsi_attached_count
                0xa00006bc                other_attached
                0xa00006bd                scsi_attached
                0xa00006be                _sbss_end = .

.bss            0xa00006c0      0x180
 *(.dynbss)
 *(COMMON)
 COMMON         0xa00006c0      0x180 build/MX7cK_USB_SPLIT_FLASH/production/_ext/1472/usb.o
                0xa00006c0                endpoints
                0xa0000840                . = ALIGN (0x4)
                0xa0000840                . = ALIGN (0x4)
                0xa0000840                _end = .
                0xa0000840                _bss_end = .
                0x00002000                _bmxdudba_address = 0x2000
                0x00002000                _bmxdupba_address = 0x2000

/DISCARD/
 *(.pdr)
 *(.reginfo)
 *(.rel.dyn)
 *(.note.GNU-stack)
 *(.note.GNU-stack)
 *(.gnu_debuglink)
 *(.gnu.lto_*)
 *(.discard)

.stab
 *(.stab)

.stabstr
 *(.stabstr)

.stab.excl
 *(.stab.excl)

.stab.exclstr
 *(.stab.exclstr)

.stab.index
 *(.stab.index)

.stab.indexstr
 *(.stab.indexstr)

.comment        0x00000000       0x3c
 *(.comment)
 .comment       0x00000000       0x3c build/MX7cK_USB_SPLIT_FLASH/production/_ext/1472/main.o
                                 0x3d (size before relaxing)
 .comment       0x00000000       0x3d build/MX7cK_USB_SPLIT_FLASH/production/_ext/1472/cdcacm.o
 .comment       0x00000000       0x3d build/MX7cK_USB_SPLIT_FLASH/production/_ext/1472/usb.o

.debug
 *(.debug)

.line
 *(.line)

.debug_srcinfo
 *(.debug_srcinfo)

.debug_sfnames
 *(.debug_sfnames)

.debug_aranges  0x00000000       0x90
 *(.debug_aranges)
 .debug_aranges
                0x00000000       0x20 build/MX7cK_USB_SPLIT_FLASH/production/_ext/1472/main.o
 .debug_aranges
                0x00000020       0x30 build/MX7cK_USB_SPLIT_FLASH/production/_ext/1472/crt0.o
 .debug_aranges
                0x00000050       0x20 build/MX7cK_USB_SPLIT_FLASH/production/_ext/1472/cdcacm.o
 .debug_aranges
                0x00000070       0x20 build/MX7cK_USB_SPLIT_FLASH/production/_ext/1472/usb.o

.debug_pubnames
                0x00000000      0x21e
 *(.debug_pubnames)
 .debug_pubnames
                0x00000000       0x33 build/MX7cK_USB_SPLIT_FLASH/production/_ext/1472/main.o
 .debug_pubnames
                0x00000033       0x74 build/MX7cK_USB_SPLIT_FLASH/production/_ext/1472/cdcacm.o
 .debug_pubnames
                0x000000a7      0x177 build/MX7cK_USB_SPLIT_FLASH/production/_ext/1472/usb.o

.debug_info     0x00000000     0x2e56
 *(.debug_info .gnu.linkonce.wi.*)
 .debug_info    0x00000000     0x145c build/MX7cK_USB_SPLIT_FLASH/production/_ext/1472/main.o
 .debug_info    0x0000145c       0x77 build/MX7cK_USB_SPLIT_FLASH/production/_ext/1472/crt0.o
 .debug_info    0x000014d3      0x915 build/MX7cK_USB_SPLIT_FLASH/production/_ext/1472/cdcacm.o
 .debug_info    0x00001de8     0x106e build/MX7cK_USB_SPLIT_FLASH/production/_ext/1472/usb.o

.debug_abbrev   0x00000000      0x95f
 *(.debug_abbrev)
 .debug_abbrev  0x00000000      0x341 build/MX7cK_USB_SPLIT_FLASH/production/_ext/1472/main.o
 .debug_abbrev  0x00000341       0x12 build/MX7cK_USB_SPLIT_FLASH/production/_ext/1472/crt0.o
 .debug_abbrev  0x00000353      0x2d0 build/MX7cK_USB_SPLIT_FLASH/production/_ext/1472/cdcacm.o
 .debug_abbrev  0x00000623      0x33c build/MX7cK_USB_SPLIT_FLASH/production/_ext/1472/usb.o

.debug_line     0x00000000      0x7fb
 *(.debug_line)
 .debug_line    0x00000000      0x321 build/MX7cK_USB_SPLIT_FLASH/production/_ext/1472/main.o
 .debug_line    0x00000321       0xa2 build/MX7cK_USB_SPLIT_FLASH/production/_ext/1472/crt0.o
 .debug_line    0x000003c3      0x1d8 build/MX7cK_USB_SPLIT_FLASH/production/_ext/1472/cdcacm.o
 .debug_line    0x0000059b      0x260 build/MX7cK_USB_SPLIT_FLASH/production/_ext/1472/usb.o

.debug_frame    0x00000000      0x2c0
 *(.debug_frame)
 .debug_frame   0x00000000      0x114 build/MX7cK_USB_SPLIT_FLASH/production/_ext/1472/main.o
 .debug_frame   0x00000114       0xb0 build/MX7cK_USB_SPLIT_FLASH/production/_ext/1472/cdcacm.o
 .debug_frame   0x000001c4       0xfc build/MX7cK_USB_SPLIT_FLASH/production/_ext/1472/usb.o

.debug_str      0x00000000      0x1cd
 *(.debug_str)
 .debug_str     0x00000000       0xd4 build/MX7cK_USB_SPLIT_FLASH/production/_ext/1472/main.o
 .debug_str     0x000000d4       0x55 build/MX7cK_USB_SPLIT_FLASH/production/_ext/1472/cdcacm.o
 .debug_str     0x00000129       0xa4 build/MX7cK_USB_SPLIT_FLASH/production/_ext/1472/usb.o

.debug_loc      0x00000000     0x1203
 *(.debug_loc)
 .debug_loc     0x00000000      0x5d3 build/MX7cK_USB_SPLIT_FLASH/production/_ext/1472/main.o
 .debug_loc     0x000005d3      0x48e build/MX7cK_USB_SPLIT_FLASH/production/_ext/1472/cdcacm.o
 .debug_loc     0x00000a61      0x7a2 build/MX7cK_USB_SPLIT_FLASH/production/_ext/1472/usb.o

.debug_macinfo
 *(.debug_macinfo)

.debug_weaknames
 *(.debug_weaknames)

.debug_funcnames
 *(.debug_funcnames)

.debug_typenames
 *(.debug_typenames)

.debug_varnames
 *(.debug_varnames)

.debug_pubtypes
                0x00000000      0x1b8
 *(.debug_pubtypes)
 .debug_pubtypes
                0x00000000       0xc5 build/MX7cK_USB_SPLIT_FLASH/production/_ext/1472/main.o
 .debug_pubtypes
                0x000000c5       0x4e build/MX7cK_USB_SPLIT_FLASH/production/_ext/1472/cdcacm.o
 .debug_pubtypes
                0x00000113       0xa5 build/MX7cK_USB_SPLIT_FLASH/production/_ext/1472/usb.o

.debug_ranges   0x00000000      0x140
 *(.debug_ranges)
 .debug_ranges  0x00000000       0x88 build/MX7cK_USB_SPLIT_FLASH/production/_ext/1472/main.o
 .debug_ranges  0x00000088       0x28 build/MX7cK_USB_SPLIT_FLASH/production/_ext/1472/crt0.o
 .debug_ranges  0x000000b0       0x90 build/MX7cK_USB_SPLIT_FLASH/production/_ext/1472/cdcacm.o

.gnu.attributes
 *(.gnu.attributes)
OUTPUT(dist/MX7cK_USB_SPLIT_FLASH/production/chipKIT-Bootloaders.production.elf elf32-tradlittlemips)
LOAD stack
LOAD data_init

.stack          0xa0001a20      0x400
 .stack         0xa0001a20      0x400 stack

.bss            0xa0000840      0xdf0
 .bss           0xa0000840      0x980 build/MX7cK_USB_SPLIT_FLASH/production/_ext/1472/main.o
 .bss           0xa00011c0      0x470 build/MX7cK_USB_SPLIT_FLASH/production/_ext/1472/cdcacm.o

.bss            0xa0001800      0x200
 .bss           0xa0001800      0x200 build/MX7cK_USB_SPLIT_FLASH/production/_ext/1472/usb.o

.bss%z1         0x00000000        0x0
 .bss           0x00000000        0x0 c:/program files/microchip/xc32/v1.20/bin/../lib/gcc/pic32mx/4.5.2/../../../../pic32mx/lib/./proc/32MX795F512L\processor.o

.data%z2        0x00000000        0x0
 .data          0x00000000        0x0 c:/program files/microchip/xc32/v1.20/bin/../lib/gcc/pic32mx/4.5.2/../../../../pic32mx/lib/./proc/32MX795F512L\processor.o

.mdebug.abi32%z3
                0x00000000        0x0
 .mdebug.abi32  0x00000000        0x0 build/MX7cK_USB_SPLIT_FLASH/production/_ext/1472/usb.o

.data%z4        0x00000000        0x0
 .data          0x00000000        0x0 build/MX7cK_USB_SPLIT_FLASH/production/_ext/1472/usb.o

.mdebug.abi32%z5
                0x00000000        0x0
 .mdebug.abi32  0x00000000        0x0 build/MX7cK_USB_SPLIT_FLASH/production/_ext/1472/cdcacm.o

.data%z6        0x00000000        0x0
 .data          0x00000000        0x0 build/MX7cK_USB_SPLIT_FLASH/production/_ext/1472/cdcacm.o

.bss%z7         0x00000000        0x0
 .bss           0x00000000        0x0 build/MX7cK_USB_SPLIT_FLASH/production/_ext/1472/crt0.o

.data%z8        0x00000000        0x0
 .data          0x00000000        0x0 build/MX7cK_USB_SPLIT_FLASH/production/_ext/1472/crt0.o

.mdebug.abi32%z9
                0x00000000        0x0
 .mdebug.abi32  0x00000000        0x0 build/MX7cK_USB_SPLIT_FLASH/production/_ext/1472/main.o

.data%z10       0x00000000        0x0
 .data          0x00000000        0x0 build/MX7cK_USB_SPLIT_FLASH/production/_ext/1472/main.o

.text           0x9fc00498      0x84c
 .text          0x9fc00498      0x84c build/MX7cK_USB_SPLIT_FLASH/production/_ext/1472/main.o
                0x9fc00ad1                main
                0x9fc00c3d                avrbl_state_machine

.dinit          0x9fc00ce4       0x98
 .dinit         0x9fc00ce4       0x98 data_init

.rodata         0x9fc00d7c       0x90
 .rodata        0x9fc00d7c       0x90 build/MX7cK_USB_SPLIT_FLASH/production/_ext/1472/cdcacm.o

.text           0x9fc00e0c       0x10
 .text          0x9fc00e0c       0x10 build/MX7cK_USB_SPLIT_FLASH/production/_ext/1472/crt0.o
                0x9fc00e14                __crt0_exit

.rodata         0x9fc00e1c        0xc
 .rodata        0x9fc00e1c        0xc build/MX7cK_USB_SPLIT_FLASH/production/_ext/1472/main.o

.text%z11       0x00000000        0x0
 .text          0x00000000        0x0 c:/program files/microchip/xc32/v1.20/bin/../lib/gcc/pic32mx/4.5.2/../../../../pic32mx/lib/./proc/32MX795F512L\processor.o
